pfy build -p · toolset apply jev --lane local
READY applied jev → grok · 2 file(s)
  status: implemented
  env:
    export PFY_DECISION_PATH="cua-s1-forms"
    export PFY_DECISION_QUEUE="/home/mark/.pfy-mentat/decision-queue.jsonl"
    export PFY_DECISION_STATE="/home/mark/.pfy-mentat/decision-layer.json"
    export PFY_JEV_CONF_GATE="0.85"
    export PFY_TOOLSET_BRIEF="/home/mark/.pfy-mentat/toolset-jev-brief.md"
  files:
    write          /home/mark/.pfy-mentat/toolset-jev-brief.md
    write          /home/mark/.grok/skills/pfy-jev-decision/SKILL.md
  commands: ./pfy decision smoke | ./pfy decision route | ./pfy decision compact | ./pfy decision queue put|next
  applied:
    written    /home/mark/.pfy-mentat/toolset-jev-brief.md
    written    /home/mark/.grok/skills/pfy-jev-decision/SKILL.md
pfy build -p · decision smoke
READY decision · CUA-S1-FORMS · typed Choice · model=fill:model · decision=check · launch=click
  chip: decision ≠ gab auto ≠ local
  chip: decision · typed Choice
pfy build -p · decision route (shadow)
ESCALATE decision · conf low · choice=freetoken · raise threshold bar, confirm, or fallback model — no silent auto-act
  verdict: escalate
  chip: decision ≠ gab auto ≠ local
pfy build -p · grok -p --output-format plain --always-approve
session_id: 01a10ae0-c1e9-79f1-b025-6cc47c6e33b6
usage: turns=1 model_calls=6 total_tokens=179216 model=grok-4.7-build
receipt: /home/mark/DEVELOP/pfy-mentat/tmp/d1-friction-fix-20261005/pipelines/dogfood/build/20261005T070423Z/receipt.jsonl
READY pfy build -p
